// Vitest Snapshot v1, https://vitest.dev/guide/snapshot.html

exports[`renders App login page 1`] = `
<DocumentFragment>
  <style
    data-mantine-styles="true"
  >
    :root{--mantine-primary-color-filled: var(--mantine-color-brand-filled);--mantine-primary-color-filled-hover: var(--mantine-color-brand-filled-hover);--mantine-primary-color-light: var(--mantine-color-brand-light);--mantine-primary-color-light-hover: var(--mantine-color-brand-light-hover);--mantine-primary-color-light-color: var(--mantine-color-brand-light-color);--mantine-primary-color-0: var(--mantine-color-brand-0);--mantine-primary-color-1: var(--mantine-color-brand-1);--mantine-primary-color-2: var(--mantine-color-brand-2);--mantine-primary-color-3: var(--mantine-color-brand-3);--mantine-primary-color-4: var(--mantine-color-brand-4);--mantine-primary-color-5: var(--mantine-color-brand-5);--mantine-primary-color-6: var(--mantine-color-brand-6);--mantine-primary-color-7: var(--mantine-color-brand-7);--mantine-primary-color-8: var(--mantine-color-brand-8);--mantine-primary-color-9: var(--mantine-color-brand-9);--mantine-color-brand-0: #fdeaea;--mantine-color-brand-1: #f9c3c3;--mantine-color-brand-2: #f49b9b;--mantine-color-brand-3: #ef7474;--mantine-color-brand-4: #ea4d4d;--mantine-color-brand-5: #ee3636;--mantine-color-brand-6: #c62e2e;--mantine-color-brand-7: #9e2626;--mantine-color-brand-8: #761d1d;--mantine-color-brand-9: #4f1414;}:root[data-mantine-color-scheme="dark"]{--mantine-color-anchor: var(--mantine-color-brand-4);--mantine-color-dark-filled: var(--mantine-color-dark-5);--mantine-color-dark-filled-hover: var(--mantine-color-dark-6);--mantine-color-dark-light: rgba(105, 105, 105, 0.15);--mantine-color-dark-light-hover: rgba(105, 105, 105, 0.2);--mantine-color-dark-light-color: var(--mantine-color-dark-0);--mantine-color-dark-outline: var(--mantine-color-dark-1);--mantine-color-dark-outline-hover: rgba(184, 184, 184, 0.05);--mantine-color-gray-filled: var(--mantine-color-gray-5);--mantine-color-gray-filled-hover: var(--mantine-color-gray-6);--mantine-color-gray-light: rgba(222, 226, 230, 0.15);--mantine-color-gray-light-hover: rgba(222, 226, 230, 0.2);--mantine-color-gray-light-color: var(--mantine-color-gray-0);--mantine-color-gray-outline: var(--mantine-color-gray-1);--mantine-color-gray-outline-hover: rgba(241, 243, 245, 0.05);--mantine-color-red-filled: var(--mantine-color-red-5);--mantine-color-red-filled-hover: var(--mantine-color-red-6);--mantine-color-red-light: rgba(255, 168, 168, 0.15);--mantine-color-red-light-hover: rgba(255, 168, 168, 0.2);--mantine-color-red-light-color: var(--mantine-color-red-0);--mantine-color-red-outline: var(--mantine-color-red-1);--mantine-color-red-outline-hover: rgba(255, 227, 227, 0.05);--mantine-color-pink-filled: var(--mantine-color-pink-5);--mantine-color-pink-filled-hover: var(--mantine-color-pink-6);--mantine-color-pink-light: rgba(250, 162, 193, 0.15);--mantine-color-pink-light-hover: rgba(250, 162, 193, 0.2);--mantine-color-pink-light-color: var(--mantine-color-pink-0);--mantine-color-pink-outline: var(--mantine-color-pink-1);--mantine-color-pink-outline-hover: rgba(255, 222, 235, 0.05);--mantine-color-grape-filled: var(--mantine-color-grape-5);--mantine-color-grape-filled-hover: var(--mantine-color-grape-6);--mantine-color-grape-light: rgba(229, 153, 247, 0.15);--mantine-color-grape-light-hover: rgba(229, 153, 247, 0.2);--mantine-color-grape-light-color: var(--mantine-color-grape-0);--mantine-color-grape-outline: var(--mantine-color-grape-1);--mantine-color-grape-outline-hover: rgba(243, 217, 250, 0.05);--mantine-color-violet-filled: var(--mantine-color-violet-5);--mantine-color-violet-filled-hover: var(--mantine-color-violet-6);--mantine-color-violet-light: rgba(177, 151, 252, 0.15);--mantine-color-violet-light-hover: rgba(177, 151, 252, 0.2);--mantine-color-violet-light-color: var(--mantine-color-violet-0);--mantine-color-violet-outline: var(--mantine-color-violet-1);--mantine-color-violet-outline-hover: rgba(229, 219, 255, 0.05);--mantine-color-indigo-filled: var(--mantine-color-indigo-5);--mantine-color-indigo-filled-hover: var(--mantine-color-indigo-6);--mantine-color-indigo-light: rgba(145, 167, 255, 0.15);--mantine-color-indigo-light-hover: rgba(145, 167, 255, 0.2);--mantine-color-indigo-light-color: var(--mantine-color-indigo-0);--mantine-color-indigo-outline: var(--mantine-color-indigo-1);--mantine-color-indigo-outline-hover: rgba(219, 228, 255, 0.05);--mantine-color-blue-filled: var(--mantine-color-blue-5);--mantine-color-blue-filled-hover: var(--mantine-color-blue-6);--mantine-color-blue-light: rgba(116, 192, 252, 0.15);--mantine-color-blue-light-hover: rgba(116, 192, 252, 0.2);--mantine-color-blue-light-color: var(--mantine-color-blue-0);--mantine-color-blue-outline: var(--mantine-color-blue-1);--mantine-color-blue-outline-hover: rgba(208, 235, 255, 0.05);--mantine-color-cyan-filled: var(--mantine-color-cyan-5);--mantine-color-cyan-filled-hover: var(--mantine-color-cyan-6);--mantine-color-cyan-light: rgba(102, 217, 232, 0.15);--mantine-color-cyan-light-hover: rgba(102, 217, 232, 0.2);--mantine-color-cyan-light-color: var(--mantine-color-cyan-0);--mantine-color-cyan-outline: var(--mantine-color-cyan-1);--mantine-color-cyan-outline-hover: rgba(197, 246, 250, 0.05);--mantine-color-teal-filled: var(--mantine-color-teal-5);--mantine-color-teal-filled-hover: var(--mantine-color-teal-6);--mantine-color-teal-light: rgba(99, 230, 190, 0.15);--mantine-color-teal-light-hover: rgba(99, 230, 190, 0.2);--mantine-color-teal-light-color: var(--mantine-color-teal-0);--mantine-color-teal-outline: var(--mantine-color-teal-1);--mantine-color-teal-outline-hover: rgba(195, 250, 232, 0.05);--mantine-color-green-filled: var(--mantine-color-green-5);--mantine-color-green-filled-hover: var(--mantine-color-green-6);--mantine-color-green-light: rgba(140, 233, 154, 0.15);--mantine-color-green-light-hover: rgba(140, 233, 154, 0.2);--mantine-color-green-light-color: var(--mantine-color-green-0);--mantine-color-green-outline: var(--mantine-color-green-1);--mantine-color-green-outline-hover: rgba(211, 249, 216, 0.05);--mantine-color-lime-filled: var(--mantine-color-lime-5);--mantine-color-lime-filled-hover: var(--mantine-color-lime-6);--mantine-color-lime-light: rgba(192, 235, 117, 0.15);--mantine-color-lime-light-hover: rgba(192, 235, 117, 0.2);--mantine-color-lime-light-color: var(--mantine-color-lime-0);--mantine-color-lime-outline: var(--mantine-color-lime-1);--mantine-color-lime-outline-hover: rgba(233, 250, 200, 0.05);--mantine-color-yellow-filled: var(--mantine-color-yellow-5);--mantine-color-yellow-filled-hover: var(--mantine-color-yellow-6);--mantine-color-yellow-light: rgba(255, 224, 102, 0.15);--mantine-color-yellow-light-hover: rgba(255, 224, 102, 0.2);--mantine-color-yellow-light-color: var(--mantine-color-yellow-0);--mantine-color-yellow-outline: var(--mantine-color-yellow-1);--mantine-color-yellow-outline-hover: rgba(255, 243, 191, 0.05);--mantine-color-orange-filled: var(--mantine-color-orange-5);--mantine-color-orange-filled-hover: var(--mantine-color-orange-6);--mantine-color-orange-light: rgba(255, 192, 120, 0.15);--mantine-color-orange-light-hover: rgba(255, 192, 120, 0.2);--mantine-color-orange-light-color: var(--mantine-color-orange-0);--mantine-color-orange-outline: var(--mantine-color-orange-1);--mantine-color-orange-outline-hover: rgba(255, 232, 204, 0.05);--mantine-color-brand-text: var(--mantine-color-brand-4);--mantine-color-brand-filled: var(--mantine-color-brand-5);--mantine-color-brand-filled-hover: var(--mantine-color-brand-6);--mantine-color-brand-light: rgba(239, 116, 116, 0.15);--mantine-color-brand-light-hover: rgba(239, 116, 116, 0.2);--mantine-color-brand-light-color: var(--mantine-color-brand-0);--mantine-color-brand-outline: var(--mantine-color-brand-1);--mantine-color-brand-outline-hover: rgba(249, 195, 195, 0.05);}:root[data-mantine-color-scheme="light"]{--mantine-color-anchor: var(--mantine-color-brand-5);--mantine-color-dark-filled: var(--mantine-color-dark-5);--mantine-color-dark-filled-hover: var(--mantine-color-dark-6);--mantine-color-dark-light: rgba(59, 59, 59, 0.1);--mantine-color-dark-light-hover: rgba(59, 59, 59, 0.12);--mantine-color-dark-light-color: var(--mantine-color-dark-5);--mantine-color-dark-outline: var(--mantine-color-dark-5);--mantine-color-dark-outline-hover: rgba(59, 59, 59, 0.05);--mantine-color-gray-filled: var(--mantine-color-gray-5);--mantine-color-gray-filled-hover: var(--mantine-color-gray-6);--mantine-color-gray-light: rgba(173, 181, 189, 0.1);--mantine-color-gray-light-hover: rgba(173, 181, 189, 0.12);--mantine-color-gray-light-color: var(--mantine-color-gray-5);--mantine-color-gray-outline: var(--mantine-color-gray-5);--mantine-color-gray-outline-hover: rgba(173, 181, 189, 0.05);--mantine-color-red-filled: var(--mantine-color-red-5);--mantine-color-red-filled-hover: var(--mantine-color-red-6);--mantine-color-red-light: rgba(255, 107, 107, 0.1);--mantine-color-red-light-hover: rgba(255, 107, 107, 0.12);--mantine-color-red-light-color: var(--mantine-color-red-5);--mantine-color-red-outline: var(--mantine-color-red-5);--mantine-color-red-outline-hover: rgba(255, 107, 107, 0.05);--mantine-color-pink-filled: var(--mantine-color-pink-5);--mantine-color-pink-filled-hover: var(--mantine-color-pink-6);--mantine-color-pink-light: rgba(240, 101, 149, 0.1);--mantine-color-pink-light-hover: rgba(240, 101, 149, 0.12);--mantine-color-pink-light-color: var(--mantine-color-pink-5);--mantine-color-pink-outline: var(--mantine-color-pink-5);--mantine-color-pink-outline-hover: rgba(240, 101, 149, 0.05);--mantine-color-grape-filled: var(--mantine-color-grape-5);--mantine-color-grape-filled-hover: var(--mantine-color-grape-6);--mantine-color-grape-light: rgba(204, 93, 232, 0.1);--mantine-color-grape-light-hover: rgba(204, 93, 232, 0.12);--mantine-color-grape-light-color: var(--mantine-color-grape-5);--mantine-color-grape-outline: var(--mantine-color-grape-5);--mantine-color-grape-outline-hover: rgba(204, 93, 232, 0.05);--mantine-color-violet-filled: var(--mantine-color-violet-5);--mantine-color-violet-filled-hover: var(--mantine-color-violet-6);--mantine-color-violet-light: rgba(132, 94, 247, 0.1);--mantine-color-violet-light-hover: rgba(132, 94, 247, 0.12);--mantine-color-violet-light-color: var(--mantine-color-violet-5);--mantine-color-violet-outline: var(--mantine-color-violet-5);--mantine-color-violet-outline-hover: rgba(132, 94, 247, 0.05);--mantine-color-indigo-filled: var(--mantine-color-indigo-5);--mantine-color-indigo-filled-hover: var(--mantine-color-indigo-6);--mantine-color-indigo-light: rgba(92, 124, 250, 0.1);--mantine-color-indigo-light-hover: rgba(92, 124, 250, 0.12);--mantine-color-indigo-light-color: var(--mantine-color-indigo-5);--mantine-color-indigo-outline: var(--mantine-color-indigo-5);--mantine-color-indigo-outline-hover: rgba(92, 124, 250, 0.05);--mantine-color-blue-filled: var(--mantine-color-blue-5);--mantine-color-blue-filled-hover: var(--mantine-color-blue-6);--mantine-color-blue-light: rgba(51, 154, 240, 0.1);--mantine-color-blue-light-hover: rgba(51, 154, 240, 0.12);--mantine-color-blue-light-color: var(--mantine-color-blue-5);--mantine-color-blue-outline: var(--mantine-color-blue-5);--mantine-color-blue-outline-hover: rgba(51, 154, 240, 0.05);--mantine-color-cyan-filled: var(--mantine-color-cyan-5);--mantine-color-cyan-filled-hover: var(--mantine-color-cyan-6);--mantine-color-cyan-light: rgba(34, 184, 207, 0.1);--mantine-color-cyan-light-hover: rgba(34, 184, 207, 0.12);--mantine-color-cyan-light-color: var(--mantine-color-cyan-5);--mantine-color-cyan-outline: var(--mantine-color-cyan-5);--mantine-color-cyan-outline-hover: rgba(34, 184, 207, 0.05);--mantine-color-teal-filled: var(--mantine-color-teal-5);--mantine-color-teal-filled-hover: var(--mantine-color-teal-6);--mantine-color-teal-light: rgba(32, 201, 151, 0.1);--mantine-color-teal-light-hover: rgba(32, 201, 151, 0.12);--mantine-color-teal-light-color: var(--mantine-color-teal-5);--mantine-color-teal-outline: var(--mantine-color-teal-5);--mantine-color-teal-outline-hover: rgba(32, 201, 151, 0.05);--mantine-color-green-filled: var(--mantine-color-green-5);--mantine-color-green-filled-hover: var(--mantine-color-green-6);--mantine-color-green-light: rgba(81, 207, 102, 0.1);--mantine-color-green-light-hover: rgba(81, 207, 102, 0.12);--mantine-color-green-light-color: var(--mantine-color-green-5);--mantine-color-green-outline: var(--mantine-color-green-5);--mantine-color-green-outline-hover: rgba(81, 207, 102, 0.05);--mantine-color-lime-filled: var(--mantine-color-lime-5);--mantine-color-lime-filled-hover: var(--mantine-color-lime-6);--mantine-color-lime-light: rgba(148, 216, 45, 0.1);--mantine-color-lime-light-hover: rgba(148, 216, 45, 0.12);--mantine-color-lime-light-color: var(--mantine-color-lime-5);--mantine-color-lime-outline: var(--mantine-color-lime-5);--mantine-color-lime-outline-hover: rgba(148, 216, 45, 0.05);--mantine-color-yellow-filled: var(--mantine-color-yellow-5);--mantine-color-yellow-filled-hover: var(--mantine-color-yellow-6);--mantine-color-yellow-light: rgba(252, 196, 25, 0.1);--mantine-color-yellow-light-hover: rgba(252, 196, 25, 0.12);--mantine-color-yellow-light-color: var(--mantine-color-yellow-5);--mantine-color-yellow-outline: var(--mantine-color-yellow-5);--mantine-color-yellow-outline-hover: rgba(252, 196, 25, 0.05);--mantine-color-orange-filled: var(--mantine-color-orange-5);--mantine-color-orange-filled-hover: var(--mantine-color-orange-6);--mantine-color-orange-light: rgba(255, 146, 43, 0.1);--mantine-color-orange-light-hover: rgba(255, 146, 43, 0.12);--mantine-color-orange-light-color: var(--mantine-color-orange-5);--mantine-color-orange-outline: var(--mantine-color-orange-5);--mantine-color-orange-outline-hover: rgba(255, 146, 43, 0.05);--mantine-color-brand-text: var(--mantine-color-brand-filled);--mantine-color-brand-filled: var(--mantine-color-brand-5);--mantine-color-brand-filled-hover: var(--mantine-color-brand-6);--mantine-color-brand-light: rgba(238, 54, 54, 0.1);--mantine-color-brand-light-hover: rgba(238, 54, 54, 0.12);--mantine-color-brand-light-color: var(--mantine-color-brand-5);--mantine-color-brand-outline: var(--mantine-color-brand-5);--mantine-color-brand-outline-hover: rgba(238, 54, 54, 0.05);}
  </style>
  <style
    data-mantine-styles="classes"
  >
    @media (max-width: 35.99375em) {.mantine-visible-from-xs {display: none !important;}}@media (min-width: 36em) {.mantine-hidden-from-xs {display: none !important;}}@media (max-width: 47.99375em) {.mantine-visible-from-sm {display: none !important;}}@media (min-width: 48em) {.mantine-hidden-from-sm {display: none !important;}}@media (max-width: 61.99375em) {.mantine-visible-from-md {display: none !important;}}@media (min-width: 62em) {.mantine-hidden-from-md {display: none !important;}}@media (max-width: 74.99375em) {.mantine-visible-from-lg {display: none !important;}}@media (min-width: 75em) {.mantine-hidden-from-lg {display: none !important;}}@media (max-width: 87.99375em) {.mantine-visible-from-xl {display: none !important;}}@media (min-width: 88em) {.mantine-hidden-from-xl {display: none !important;}}
  </style>
</DocumentFragment>
`;
